{
  "data": [
    {
      "name": "テスト1",
      "email": "test1@example.com",
      "phone_number": "11-1111-1111"
    }
  ]
}
